Archive member included to satisfy reference by file (symbol)

c:/stm32toolchain/arm-gnu-toolchain-11.3.rel1-mingw-w64-i686-arm-none-eabi/bin/../lib/gcc/arm-none-eabi/11.3.1/thumb/v7-m/nofp\libc_nano.a(libc_a-exit.o)
                              c:/stm32toolchain/arm-gnu-toolchain-11.3.rel1-mingw-w64-i686-arm-none-eabi/bin/../lib/gcc/arm-none-eabi/11.3.1/thumb/v7-m/nofp/crt0.o (exit)
c:/stm32toolchain/arm-gnu-toolchain-11.3.rel1-mingw-w64-i686-arm-none-eabi/bin/../lib/gcc/arm-none-eabi/11.3.1/thumb/v7-m/nofp\libc_nano.a(libc_a-findfp.o)
                              c:/stm32toolchain/arm-gnu-toolchain-11.3.rel1-mingw-w64-i686-arm-none-eabi/bin/../lib/gcc/arm-none-eabi/11.3.1/thumb/v7-m/nofp\libc_nano.a(libc_a-exit.o) (__stdio_exit_handler)
c:/stm32toolchain/arm-gnu-toolchain-11.3.rel1-mingw-w64-i686-arm-none-eabi/bin/../lib/gcc/arm-none-eabi/11.3.1/thumb/v7-m/nofp\libc_nano.a(libc_a-fwalk.o)
                              c:/stm32toolchain/arm-gnu-toolchain-11.3.rel1-mingw-w64-i686-arm-none-eabi/bin/../lib/gcc/arm-none-eabi/11.3.1/thumb/v7-m/nofp\libc_nano.a(libc_a-findfp.o) (_fwalk_sglue)
c:/stm32toolchain/arm-gnu-toolchain-11.3.rel1-mingw-w64-i686-arm-none-eabi/bin/../lib/gcc/arm-none-eabi/11.3.1/thumb/v7-m/nofp\libc_nano.a(libc_a-stdio.o)
                              c:/stm32toolchain/arm-gnu-toolchain-11.3.rel1-mingw-w64-i686-arm-none-eabi/bin/../lib/gcc/arm-none-eabi/11.3.1/thumb/v7-m/nofp\libc_nano.a(libc_a-findfp.o) (__sread)
c:/stm32toolchain/arm-gnu-toolchain-11.3.rel1-mingw-w64-i686-arm-none-eabi/bin/../lib/gcc/arm-none-eabi/11.3.1/thumb/v7-m/nofp\libc_nano.a(libc_a-memset.o)
                              c:/stm32toolchain/arm-gnu-toolchain-11.3.rel1-mingw-w64-i686-arm-none-eabi/bin/../lib/gcc/arm-none-eabi/11.3.1/thumb/v7-m/nofp/crt0.o (memset)
c:/stm32toolchain/arm-gnu-toolchain-11.3.rel1-mingw-w64-i686-arm-none-eabi/bin/../lib/gcc/arm-none-eabi/11.3.1/thumb/v7-m/nofp\libc_nano.a(libc_a-closer.o)
                              c:/stm32toolchain/arm-gnu-toolchain-11.3.rel1-mingw-w64-i686-arm-none-eabi/bin/../lib/gcc/arm-none-eabi/11.3.1/thumb/v7-m/nofp\libc_nano.a(libc_a-stdio.o) (_close_r)
c:/stm32toolchain/arm-gnu-toolchain-11.3.rel1-mingw-w64-i686-arm-none-eabi/bin/../lib/gcc/arm-none-eabi/11.3.1/thumb/v7-m/nofp\libc_nano.a(libc_a-reent.o)
                              c:/stm32toolchain/arm-gnu-toolchain-11.3.rel1-mingw-w64-i686-arm-none-eabi/bin/../lib/gcc/arm-none-eabi/11.3.1/thumb/v7-m/nofp\libc_nano.a(libc_a-closer.o) (errno)
c:/stm32toolchain/arm-gnu-toolchain-11.3.rel1-mingw-w64-i686-arm-none-eabi/bin/../lib/gcc/arm-none-eabi/11.3.1/thumb/v7-m/nofp\libc_nano.a(libc_a-impure.o)
                              c:/stm32toolchain/arm-gnu-toolchain-11.3.rel1-mingw-w64-i686-arm-none-eabi/bin/../lib/gcc/arm-none-eabi/11.3.1/thumb/v7-m/nofp\libc_nano.a(libc_a-reent.o) (_impure_ptr)
c:/stm32toolchain/arm-gnu-toolchain-11.3.rel1-mingw-w64-i686-arm-none-eabi/bin/../lib/gcc/arm-none-eabi/11.3.1/thumb/v7-m/nofp\libc_nano.a(libc_a-lseekr.o)
                              c:/stm32toolchain/arm-gnu-toolchain-11.3.rel1-mingw-w64-i686-arm-none-eabi/bin/../lib/gcc/arm-none-eabi/11.3.1/thumb/v7-m/nofp\libc_nano.a(libc_a-stdio.o) (_lseek_r)
c:/stm32toolchain/arm-gnu-toolchain-11.3.rel1-mingw-w64-i686-arm-none-eabi/bin/../lib/gcc/arm-none-eabi/11.3.1/thumb/v7-m/nofp\libc_nano.a(libc_a-readr.o)
                              c:/stm32toolchain/arm-gnu-toolchain-11.3.rel1-mingw-w64-i686-arm-none-eabi/bin/../lib/gcc/arm-none-eabi/11.3.1/thumb/v7-m/nofp\libc_nano.a(libc_a-stdio.o) (_read_r)
c:/stm32toolchain/arm-gnu-toolchain-11.3.rel1-mingw-w64-i686-arm-none-eabi/bin/../lib/gcc/arm-none-eabi/11.3.1/thumb/v7-m/nofp\libc_nano.a(libc_a-writer.o)
                              c:/stm32toolchain/arm-gnu-toolchain-11.3.rel1-mingw-w64-i686-arm-none-eabi/bin/../lib/gcc/arm-none-eabi/11.3.1/thumb/v7-m/nofp\libc_nano.a(libc_a-stdio.o) (_write_r)
c:/stm32toolchain/arm-gnu-toolchain-11.3.rel1-mingw-w64-i686-arm-none-eabi/bin/../lib/gcc/arm-none-eabi/11.3.1/thumb/v7-m/nofp\libc_nano.a(libc_a-init.o)
                              c:/stm32toolchain/arm-gnu-toolchain-11.3.rel1-mingw-w64-i686-arm-none-eabi/bin/../lib/gcc/arm-none-eabi/11.3.1/thumb/v7-m/nofp/crt0.o (__libc_init_array)
c:/stm32toolchain/arm-gnu-toolchain-11.3.rel1-mingw-w64-i686-arm-none-eabi/bin/../lib/gcc/arm-none-eabi/11.3.1/thumb/v7-m/nofp\libc_nano.a(libc_a-lock.o)
                              c:/stm32toolchain/arm-gnu-toolchain-11.3.rel1-mingw-w64-i686-arm-none-eabi/bin/../lib/gcc/arm-none-eabi/11.3.1/thumb/v7-m/nofp\libc_nano.a(libc_a-findfp.o) (__retarget_lock_init_recursive)
c:/stm32toolchain/arm-gnu-toolchain-11.3.rel1-mingw-w64-i686-arm-none-eabi/bin/../lib/gcc/arm-none-eabi/11.3.1/thumb/v7-m/nofp\libc_nano.a(libc_a-freer.o)
                              c:/stm32toolchain/arm-gnu-toolchain-11.3.rel1-mingw-w64-i686-arm-none-eabi/bin/../lib/gcc/arm-none-eabi/11.3.1/thumb/v7-m/nofp\libc_nano.a(libc_a-reent.o) (_free_r)
[...]
Memory Configuration

Name             Origin             Length             Attributes
RAM              0x20000000         0x00002800         xrw
FLASH            0x08000000         0x00008000         xr
*default*        0x00000000         0xffffffff

Linker script and memory map

LOAD c:/stm32toolchain/arm-gnu-toolchain-11.3.rel1-mingw-w64-i686-arm-none-eabi/bin/../lib/gcc/arm-none-eabi/11.3.1/thumb/v7-m/nofp/crti.o
LOAD c:/stm32toolchain/arm-gnu-toolchain-11.3.rel1-mingw-w64-i686-arm-none-eabi/bin/../lib/gcc/arm-none-eabi/11.3.1/thumb/v7-m/nofp/crtbegin.o
LOAD c:/stm32toolchain/arm-gnu-toolchain-11.3.rel1-mingw-w64-i686-arm-none-eabi/bin/../lib/gcc/arm-none-eabi/11.3.1/thumb/v7-m/nofp/crt0.o
LOAD build/main.o
LOAD build/stm32f1xx_it.o
LOAD build/stm32f1xx_hal_msp.o
LOAD build/stm32f1xx_hal_gpio_ex.o
LOAD build/stm32f1xx_hal_tim.o
LOAD build/stm32f1xx_hal_tim_ex.o
LOAD build/stm32f1xx_hal.o
LOAD build/stm32f1xx_hal_rcc.o
LOAD build/stm32f1xx_hal_rcc_ex.o
LOAD build/stm32f1xx_hal_gpio.o
LOAD build/stm32f1xx_hal_dma.o
LOAD build/stm32f1xx_hal_cortex.o
LOAD build/stm32f1xx_hal_pwr.o
LOAD build/stm32f1xx_hal_flash.o
LOAD build/stm32f1xx_hal_flash_ex.o
LOAD build/stm32f1xx_hal_exti.o
LOAD build/system_stm32f1xx.o
LOAD build/startup_stm32f103x6.o
LOAD c:/stm32toolchain/arm-gnu-toolchain-11.3.rel1-mingw-w64-i686-arm-none-eabi/bin/../lib/gcc/arm-none-eabi/11.3.1/thumb/v7-m/nofp\libc_nano.a
LOAD c:/stm32toolchain/arm-gnu-toolchain-11.3.rel1-mingw-w64-i686-arm-none-eabi/bin/../lib/gcc/arm-none-eabi/11.3.1/thumb/v7-m/nofp\libm.a
LOAD c:/stm32toolchain/arm-gnu-toolchain-11.3.rel1-mingw-w64-i686-arm-none-eabi/bin/../lib/gcc/arm-none-eabi/11.3.1/thumb/v7-m/nofp\libnosys.a
START GROUP
LOAD c:/stm32toolchain/arm-gnu-toolchain-11.3.rel1-mingw-w64-i686-arm-none-eabi/bin/../lib/gcc/arm-none-eabi/11.3.1/thumb/v7-m/nofp\libgcc.a
LOAD c:/stm32toolchain/arm-gnu-toolchain-11.3.rel1-mingw-w64-i686-arm-none-eabi/bin/../lib/gcc/arm-none-eabi/11.3.1/thumb/v7-m/nofp\libc_nano.a
END GROUP
START GROUP
LOAD c:/stm32toolchain/arm-gnu-toolchain-11.3.rel1-mingw-w64-i686-arm-none-eabi/bin/../lib/gcc/arm-none-eabi/11.3.1/thumb/v7-m/nofp\libgcc.a
LOAD c:/stm32toolchain/arm-gnu-toolchain-11.3.rel1-mingw-w64-i686-arm-none-eabi/bin/../lib/gcc/arm-none-eabi/11.3.1/thumb/v7-m/nofp\libc_nano.a
END GROUP
LOAD c:/stm32toolchain/arm-gnu-toolchain-11.3.rel1-mingw-w64-i686-arm-none-eabi/bin/../lib/gcc/arm-none-eabi/11.3.1/thumb/v7-m/nofp/crtend.o
LOAD c:/stm32toolchain/arm-gnu-toolchain-11.3.rel1-mingw-w64-i686-arm-none-eabi/bin/../lib/gcc/arm-none-eabi/11.3.1/thumb/v7-m/nofp/crtn.o
                0x20002800                _estack = (ORIGIN (RAM) + LENGTH (RAM))
                0x00000200                _Min_Heap_Size = 0x200
                0x00000400                _Min_Stack_Size = 0x400

.isr_vector     0x08000000      0x10c
                0x08000000                . = ALIGN (0x4)
 *(.isr_vector)
 .isr_vector    0x08000000      0x10c build/startup_stm32f103x6.o
                0x08000000                g_pfnVectors
                0x0800010c                . = ALIGN (0x4)

.text           0x0800010c      0xc34
                0x0800010c                . = ALIGN (0x4)
 *(.text)
 *(.text*)
 .text.deregister_tm_clones
                0x0800010c       0x1c c:/stm32toolchain/arm-gnu-toolchain-11.3.rel1-mingw-w64-i686-arm-none-eabi/bin/../lib/gcc/arm-none-eabi/11.3.1/thumb/v7-m/nofp/crtbegin.o
 .text.register_tm_clones
                0x08000128       0x24 c:/stm32toolchain/arm-gnu-toolchain-11.3.rel1-mingw-w64-i686-arm-none-eabi/bin/../lib/gcc/arm-none-eabi/11.3.1/thumb/v7-m/nofp/crtbegin.o
 .text.__do_global_dtors_aux
                0x0800014c       0x28 c:/stm32toolchain/arm-gnu-toolchain-11.3.rel1-mingw-w64-i686-arm-none-eabi/bin/../lib/gcc/arm-none-eabi/11.3.1/thumb/v7-m/nofp/crtbegin.o
 .text.frame_dummy
                0x08000174       0x24 c:/stm32toolchain/arm-gnu-toolchain-11.3.rel1-mingw-w64-i686-arm-none-eabi/bin/../lib/gcc/arm-none-eabi/11.3.1/thumb/v7-m/nofp/crtbegin.o
 .text.MX_GPIO_Init
                0x08000198       0x50 build/main.o
 .text.Error_Handler
                0x080001e8        0x4 build/main.o
                0x080001e8                Error_Handler
 .text.SystemClock_Config
                0x080001ec       0x52 build/main.o
                0x080001ec                SystemClock_Config
 *fill*         0x0800023e        0x2 
 .text.main     0x08000240       0x3c build/main.o
                0x08000240                main
 .text.NMI_Handler
                0x0800027c        0x2 build/stm32f1xx_it.o
                0x0800027c                NMI_Handler
 .text.HardFault_Handler
                0x0800027e        0x2 build/stm32f1xx_it.o
                0x0800027e                HardFault_Handler
 .text.MemManage_Handler
                0x08000280        0x2 build/stm32f1xx_it.o
                0x08000280                MemManage_Handler
 .text.BusFault_Handler
                0x08000282        0x2 build/stm32f1xx_it.o
                0x08000282                BusFault_Handler
 .text.UsageFault_Handler
                0x08000284        0x2 build/stm32f1xx_it.o
                0x08000284                UsageFault_Handler
 .text.SVC_Handler
                0x08000286        0x2 build/stm32f1xx_it.o
                0x08000286                SVC_Handler
 .text.DebugMon_Handler
                0x08000288        0x2 build/stm32f1xx_it.o
                0x08000288                DebugMon_Handler
 .text.PendSV_Handler
                0x0800028a        0x2 build/stm32f1xx_it.o
                0x0800028a                PendSV_Handler
 .text.SysTick_Handler
                0x0800028c        0x8 build/stm32f1xx_it.o
                0x0800028c                SysTick_Handler
 .text.HAL_MspInit
                0x08000294       0x30 build/stm32f1xx_hal_msp.o
                0x08000294                HAL_MspInit
 .text.HAL_InitTick
                0x080002c4       0x4c build/stm32f1xx_hal.o
                0x080002c4                HAL_InitTick
 .text.HAL_Init
                0x08000310       0x24 build/stm32f1xx_hal.o
                0x08000310                HAL_Init
 .text.HAL_IncTick
                0x08000334       0x18 build/stm32f1xx_hal.o
                0x08000334                HAL_IncTick
 .text.HAL_GetTick
                0x0800034c        0xc build/stm32f1xx_hal.o
                0x0800034c                HAL_GetTick
 .text.HAL_Delay
                0x08000358       0x28 build/stm32f1xx_hal.o
                0x08000358                HAL_Delay
 .text.RCC_Delay
                0x08000380       0x2c build/stm32f1xx_hal_rcc.o
 .text.HAL_RCC_OscConfig
                0x080003ac      0x410 build/stm32f1xx_hal_rcc.o
                0x080003ac                HAL_RCC_OscConfig
 .text.HAL_RCC_GetSysClockFreq
                0x080007bc       0x70 build/stm32f1xx_hal_rcc.o
                0x080007bc                HAL_RCC_GetSysClockFreq
 .text.HAL_RCC_ClockConfig
                0x0800082c      0x16c build/stm32f1xx_hal_rcc.o
                0x0800082c                HAL_RCC_ClockConfig
 .text.HAL_GPIO_Init
                0x08000998      0x220 build/stm32f1xx_hal_gpio.o
                0x08000998                HAL_GPIO_Init
 .text.HAL_GPIO_WritePin
                0x08000bb8        0xc build/stm32f1xx_hal_gpio.o
                0x08000bb8                HAL_GPIO_WritePin
 .text.HAL_NVIC_SetPriorityGrouping
                0x08000bc4       0x24 build/stm32f1xx_hal_cortex.o
                0x08000bc4                HAL_NVIC_SetPriorityGrouping
 .text.HAL_NVIC_SetPriority
                0x08000be8       0x70 build/stm32f1xx_hal_cortex.o
                0x08000be8                HAL_NVIC_SetPriority
 .text.HAL_SYSTICK_Config
                0x08000c58       0x28 build/stm32f1xx_hal_cortex.o
                0x08000c58                HAL_SYSTICK_Config
 .text.SystemInit
                0x08000c80        0x2 build/system_stm32f1xx.o
                0x08000c80                SystemInit
 *fill*         0x08000c82        0x2 
 .text.Reset_Handler
                0x08000c84       0x48 build/startup_stm32f103x6.o
                0x08000c84                Reset_Handler
 .text.Default_Handler
                0x08000ccc        0x2 build/startup_stm32f103x6.o
                0x08000ccc                RTC_Alarm_IRQHandler
                0x08000ccc                EXTI2_IRQHandler
                0x08000ccc                TIM1_CC_IRQHandler
                0x08000ccc                PVD_IRQHandler
                0x08000ccc                EXTI3_IRQHandler
                0x08000ccc                EXTI0_IRQHandler
                0x08000ccc                ADC1_2_IRQHandler
                0x08000ccc                SPI1_IRQHandler
                0x08000ccc                TAMPER_IRQHandler
                0x08000ccc                DMA1_Channel4_IRQHandler
                0x08000ccc                RTC_IRQHandler
                0x08000ccc                DMA1_Channel7_IRQHandler
                0x08000ccc                CAN1_RX1_IRQHandler
                0x08000ccc                I2C1_EV_IRQHandler
                0x08000ccc                DMA1_Channel6_IRQHandler
                0x08000ccc                TIM3_IRQHandler
                0x08000ccc                RCC_IRQHandler
                0x08000ccc                TIM1_TRG_COM_IRQHandler
                0x08000ccc                DMA1_Channel1_IRQHandler
                0x08000ccc                Default_Handler
                0x08000ccc                EXTI15_10_IRQHandler
                0x08000ccc                EXTI9_5_IRQHandler
                0x08000ccc                DMA1_Channel5_IRQHandler
                0x08000ccc                EXTI4_IRQHandler
                0x08000ccc                USB_LP_CAN1_RX0_IRQHandler
                0x08000ccc                USB_HP_CAN1_TX_IRQHandler
                0x08000ccc                DMA1_Channel3_IRQHandler
                0x08000ccc                TIM1_UP_IRQHandler
                0x08000ccc                WWDG_IRQHandler
                0x08000ccc                TIM2_IRQHandler
                0x08000ccc                TIM1_BRK_IRQHandler
                0x08000ccc                EXTI1_IRQHandler
                0x08000ccc                USART2_IRQHandler
                0x08000ccc                DMA1_Channel2_IRQHandler
                0x08000ccc                CAN1_SCE_IRQHandler
                0x08000ccc                FLASH_IRQHandler
                0x08000ccc                USART1_IRQHandler
                0x08000ccc                I2C1_ER_IRQHandler
                0x08000ccc                USBWakeUp_IRQHandler
 .text.memset   0x08000cce       0x10 c:/stm32toolchain/arm-gnu-toolchain-11.3.rel1-mingw-w64-i686-arm-none-eabi/bin/../lib/gcc/arm-none-eabi/11.3.1/thumb/v7-m/nofp\libc_nano.a(libc_a-memset.o)
                0x08000cce                memset
 *fill*         0x08000cde        0x2 
 .text.__libc_init_array
                0x08000ce0       0x48 c:/stm32toolchain/arm-gnu-toolchain-11.3.rel1-mingw-w64-i686-arm-none-eabi/bin/../lib/gcc/arm-none-eabi/11.3.1/thumb/v7-m/nofp\libc_nano.a(libc_a-init.o)
                0x08000ce0                __libc_init_array
 *(.glue_7)
 .glue_7        0x08000d28        0x0 linker stubs
 *(.glue_7t)
 .glue_7t       0x08000d28        0x0 linker stubs
 *(.eh_frame)
 .eh_frame      0x08000d28        0x0 c:/stm32toolchain/arm-gnu-toolchain-11.3.rel1-mingw-w64-i686-arm-none-eabi/bin/../lib/gcc/arm-none-eabi/11.3.1/thumb/v7-m/nofp/crtbegin.o
 *(.init)
 .init          0x08000d28        0x4 c:/stm32toolchain/arm-gnu-toolchain-11.3.rel1-mingw-w64-i686-arm-none-eabi/bin/../lib/gcc/arm-none-eabi/11.3.1/thumb/v7-m/nofp/crti.o
                0x08000d28                _init
 .init          0x08000d2c        0x8 c:/stm32toolchain/arm-gnu-toolchain-11.3.rel1-mingw-w64-i686-arm-none-eabi/bin/../lib/gcc/arm-none-eabi/11.3.1/thumb/v7-m/nofp/crtn.o
 *(.fini)
 .fini          0x08000d34        0x4 c:/stm32toolchain/arm-gnu-toolchain-11.3.rel1-mingw-w64-i686-arm-none-eabi/bin/../lib/gcc/arm-none-eabi/11.3.1/thumb/v7-m/nofp/crti.o
                0x08000d34                _fini
 .fini          0x08000d38        0x8 c:/stm32toolchain/arm-gnu-toolchain-11.3.rel1-mingw-w64-i686-arm-none-eabi/bin/../lib/gcc/arm-none-eabi/11.3.1/thumb/v7-m/nofp/crtn.o
                0x08000d40                . = ALIGN (0x4)
                0x08000d40                _etext = .

.vfp11_veneer   0x08000d40        0x0
 .vfp11_veneer  0x08000d40        0x0 linker stubs

.v4_bx          0x08000d40        0x0
 .v4_bx         0x08000d40        0x0 linker stubs

.iplt           0x08000d40        0x0
 .iplt          0x08000d40        0x0 c:/stm32toolchain/arm-gnu-toolchain-11.3.rel1-mingw-w64-i686-arm-none-eabi/bin/../lib/gcc/arm-none-eabi/11.3.1/thumb/v7-m/nofp/crtbegin.o

.rodata         0x08000d40       0x24
                0x08000d40                . = ALIGN (0x4)
 *(.rodata)
 *(.rodata*)
 .rodata.HAL_RCC_GetSysClockFreq.str1.4
                0x08000d40       0x11 build/stm32f1xx_hal_rcc.o
 *fill*         0x08000d51        0x3 
 .rodata.AHBPrescTable
                0x08000d54       0x10 build/system_stm32f1xx.o
                0x08000d54                AHBPrescTable
                0x08000d64                . = ALIGN (0x4)

.rel.dyn        0x08000d64        0x0
 .rel.iplt      0x08000d64        0x0 c:/stm32toolchain/arm-gnu-toolchain-11.3.rel1-mingw-w64-i686-arm-none-eabi/bin/../lib/gcc/arm-none-eabi/11.3.1/thumb/v7-m/nofp/crtbegin.o

.ARM.extab
 *(.ARM.extab* .gnu.linkonce.armextab.*)

.ARM            0x08000d64        0x0
                0x08000d64                __exidx_start = .
 *(.ARM.exidx*)
                0x08000d64                __exidx_end = .

.preinit_array  0x08000d64        0x0
                0x08000d64                PROVIDE (__preinit_array_start = .)
 *(.preinit_array*)
                0x08000d64                PROVIDE (__preinit_array_end = .)

.init_array     0x08000d64        0x4
                0x08000d64                PROVIDE (__init_array_start = .)
 *(SORT_BY_NAME(.init_array.*))
 *(.init_array*)
 .init_array    0x08000d64        0x4 c:/stm32toolchain/arm-gnu-toolchain-11.3.rel1-mingw-w64-i686-arm-none-eabi/bin/../lib/gcc/arm-none-eabi/11.3.1/thumb/v7-m/nofp/crtbegin.o
                0x08000d68                PROVIDE (__init_array_end = .)

.fini_array     0x08000d68        0x4
                [!provide]                PROVIDE (__fini_array_start = .)
 *(SORT_BY_NAME(.fini_array.*))
 *(.fini_array*)
 .fini_array    0x08000d68        0x4 c:/stm32toolchain/arm-gnu-toolchain-11.3.rel1-mingw-w64-i686-arm-none-eabi/bin/../lib/gcc/arm-none-eabi/11.3.1/thumb/v7-m/nofp/crtbegin.o
                [!provide]                PROVIDE (__fini_array_end = .)
                0x08000d6c                _sidata = LOADADDR (.data)

.data           0x20000000        0xc load address 0x08000d6c
                0x20000000                . = ALIGN (0x4)
                0x20000000                _sdata = .
 *(.data)
 *(.data*)
 .data.uwTickFreq
                0x20000000        0x1 build/stm32f1xx_hal.o
                0x20000000                uwTickFreq
 *fill*         0x20000001        0x3 
 .data.uwTickPrio
                0x20000004        0x4 build/stm32f1xx_hal.o
                0x20000004                uwTickPrio
 .data.SystemCoreClock
                0x20000008        0x4 build/system_stm32f1xx.o
                0x20000008                SystemCoreClock
                0x2000000c                . = ALIGN (0x4)
                0x2000000c                _edata = .

.tm_clone_table
                0x2000000c        0x0 load address 0x08000d78
 .tm_clone_table
                0x2000000c        0x0 c:/stm32toolchain/arm-gnu-toolchain-11.3.rel1-mingw-w64-i686-arm-none-eabi/bin/../lib/gcc/arm-none-eabi/11.3.1/thumb/v7-m/nofp/crtbegin.o
 .tm_clone_table
                0x2000000c        0x0 c:/stm32toolchain/arm-gnu-toolchain-11.3.rel1-mingw-w64-i686-arm-none-eabi/bin/../lib/gcc/arm-none-eabi/11.3.1/thumb/v7-m/nofp/crtend.o

.igot.plt       0x2000000c        0x0 load address 0x08000d78
 .igot.plt      0x2000000c        0x0 c:/stm32toolchain/arm-gnu-toolchain-11.3.rel1-mingw-w64-i686-arm-none-eabi/bin/../lib/gcc/arm-none-eabi/11.3.1/thumb/v7-m/nofp/crtbegin.o
                0x2000000c                . = ALIGN (0x4)

.bss            0x2000000c       0x20 load address 0x08000d78
                0x2000000c                _sbss = .
                0x2000000c                __bss_start__ = _sbss
 *(.bss)
 *(.bss*)
 .bss.completed.1
                0x2000000c        0x1 c:/stm32toolchain/arm-gnu-toolchain-11.3.rel1-mingw-w64-i686-arm-none-eabi/bin/../lib/gcc/arm-none-eabi/11.3.1/thumb/v7-m/nofp/crtbegin.o
 *fill*         0x2000000d        0x3 
 .bss.object.0  0x20000010       0x18 c:/stm32toolchain/arm-gnu-toolchain-11.3.rel1-mingw-w64-i686-arm-none-eabi/bin/../lib/gcc/arm-none-eabi/11.3.1/thumb/v7-m/nofp/crtbegin.o
 .bss.uwTick    0x20000028        0x4 build/stm32f1xx_hal.o
                0x20000028                uwTick
 *(COMMON)
                0x2000002c                . = ALIGN (0x4)
                0x2000002c                _ebss = .
                0x2000002c                __bss_end__ = _ebss

._user_heap_stack
                0x2000002c      0x604 load address 0x08000d78
                0x20000030                . = ALIGN (0x8)
 *fill*         0x2000002c        0x4 
                0x20000030                PROVIDE (end = .)
                [!provide]                PROVIDE (_end = .)
                0x20000230                . = (. + _Min_Heap_Size)
 *fill*         0x20000030      0x200 
                0x20000630                . = (. + _Min_Stack_Size)
 *fill*         0x20000230      0x400 
                0x20000630                . = ALIGN (0x8)

/DISCARD/
 libc.a(*)
 libm.a(*)
 libgcc.a(*)

.ARM.attributes
                0x00000000       0x29
 *(.ARM.attributes)
 .ARM.attributes
                0x00000000       0x1d c:/stm32toolchain/arm-gnu-toolchain-11.3.rel1-mingw-w64-i686-arm-none-eabi/bin/../lib/gcc/arm-none-eabi/11.3.1/thumb/v7-m/nofp/crti.o
 .ARM.attributes
                0x0000001d       0x2d c:/stm32toolchain/arm-gnu-toolchain-11.3.rel1-mingw-w64-i686-arm-none-eabi/bin/../lib/gcc/arm-none-eabi/11.3.1/thumb/v7-m/nofp/crtbegin.o
 .ARM.attributes
                0x0000004a       0x2d build/main.o
 .ARM.attributes
                0x00000077       0x2d build/stm32f1xx_it.o
 .ARM.attributes
                0x000000a4       0x2d build/stm32f1xx_hal_msp.o
 .ARM.attributes
                0x000000d1       0x2d build/stm32f1xx_hal.o
 .ARM.attributes
                0x000000fe       0x2d build/stm32f1xx_hal_rcc.o
 .ARM.attributes
                0x0000012b       0x2d build/stm32f1xx_hal_gpio.o
 .ARM.attributes
                0x00000158       0x2d build/stm32f1xx_hal_cortex.o
 .ARM.attributes
                0x00000185       0x2d build/system_stm32f1xx.o
 .ARM.attributes
                0x000001b2       0x21 build/startup_stm32f103x6.o
 .ARM.attributes
                0x000001d3       0x2d c:/stm32toolchain/arm-gnu-toolchain-11.3.rel1-mingw-w64-i686-arm-none-eabi/bin/../lib/gcc/arm-none-eabi/11.3.1/thumb/v7-m/nofp\libc_nano.a(libc_a-memset.o)
 .ARM.attributes
                0x00000200       0x2d c:/stm32toolchain/arm-gnu-toolchain-11.3.rel1-mingw-w64-i686-arm-none-eabi/bin/../lib/gcc/arm-none-eabi/11.3.1/thumb/v7-m/nofp\libc_nano.a(libc_a-init.o)
 .ARM.attributes
                0x0000022d       0x2d c:/stm32toolchain/arm-gnu-toolchain-11.3.rel1-mingw-w64-i686-arm-none-eabi/bin/../lib/gcc/arm-none-eabi/11.3.1/thumb/v7-m/nofp/crtend.o
 .ARM.attributes
                0x0000025a       0x1d c:/stm32toolchain/arm-gnu-toolchain-11.3.rel1-mingw-w64-i686-arm-none-eabi/bin/../lib/gcc/arm-none-eabi/11.3.1/thumb/v7-m/nofp/crtn.o
OUTPUT(build/ex2lab1source.elf elf32-littlearm)
LOAD linker stubs
LOAD c:/stm32toolchain/arm-gnu-toolchain-11.3.rel1-mingw-w64-i686-arm-none-eabi/bin/../lib/gcc/arm-none-eabi/11.3.1/thumb/v7-m/nofp\libc.a
LOAD c:/stm32toolchain/arm-gnu-toolchain-11.3.rel1-mingw-w64-i686-arm-none-eabi/bin/../lib/gcc/arm-none-eabi/11.3.1/thumb/v7-m/nofp\libm.a
LOAD c:/stm32toolchain/arm-gnu-toolchain-11.3.rel1-mingw-w64-i686-arm-none-eabi/bin/../lib/gcc/arm-none-eabi/11.3.1/thumb/v7-m/nofp\libgcc.a

.comment        0x00000000       0x33
 .comment       0x00000000       0x33 c:/stm32toolchain/arm-gnu-toolchain-11.3.rel1-mingw-w64-i686-arm-none-eabi/bin/../lib/gcc/arm-none-eabi/11.3.1/thumb/v7-m/nofp/crtbegin.o
                                 0x34 (size before relaxing)
 .comment       0x00000033       0x34 build/main.o
 .comment       0x00000033       0x34 build/stm32f1xx_it.o
 .comment       0x00000033       0x34 build/stm32f1xx_hal_msp.o
 .comment       0x00000033       0x34 build/stm32f1xx_hal.o
 .comment       0x00000033       0x34 build/stm32f1xx_hal_rcc.o
 .comment       0x00000033       0x34 build/stm32f1xx_hal_gpio.o
 .comment       0x00000033       0x34 build/stm32f1xx_hal_cortex.o
 .comment       0x00000033       0x34 build/system_stm32f1xx.o
 .comment       0x00000033       0x34 c:/stm32toolchain/arm-gnu-toolchain-11.3.rel1-mingw-w64-i686-arm-none-eabi/bin/../lib/gcc/arm-none-eabi/11.3.1/thumb/v7-m/nofp\libc_nano.a(libc_a-memset.o)
 .comment       0x00000033       0x34 c:/stm32toolchain/arm-gnu-toolchain-11.3.rel1-mingw-w64-i686-arm-none-eabi/bin/../lib/gcc/arm-none-eabi/11.3.1/thumb/v7-m/nofp\libc_nano.a(libc_a-init.o)
 .comment       0x00000033       0x34 c:/stm32toolchain/arm-gnu-toolchain-11.3.rel1-mingw-w64-i686-arm-none-eabi/bin/../lib/gcc/arm-none-eabi/11.3.1/thumb/v7-m/nofp/crtend.o

.debug_info     0x00000000     0x3615
 .debug_info    0x00000000      0x64f build/main.o
 .debug_info    0x0000064f      0x158 build/stm32f1xx_it.o
 .debug_info    0x000007a7      0x199 build/stm32f1xx_hal_msp.o
 .debug_info    0x00000940      0x862 build/stm32f1xx_hal.o
 .debug_info    0x000011a2      0xb0c build/stm32f1xx_hal_rcc.o
 .debug_info    0x00001cae      0x6d7 build/stm32f1xx_hal_gpio.o
 .debug_info    0x00002385      0xe15 build/stm32f1xx_hal_cortex.o
 .debug_info    0x0000319a      0x26e build/system_stm32f1xx.o
 .debug_info    0x00003408       0x22 build/startup_stm32f103x6.o
 .debug_info    0x0000342a       0xe0 c:/stm32toolchain/arm-gnu-toolchain-11.3.rel1-mingw-w64-i686-arm-none-eabi/bin/../lib/gcc/arm-none-eabi/11.3.1/thumb/v7-m/nofp\libc_nano.a(libc_a-memset.o)
 .debug_info    0x0000350a      0x10b c:/stm32toolchain/arm-gnu-toolchain-11.3.rel1-mingw-w64-i686-arm-none-eabi/bin/../lib/gcc/arm-none-eabi/11.3.1/thumb/v7-m/nofp\libc_nano.a(libc_a-init.o)

.debug_abbrev   0x00000000     0x1077
 .debug_abbrev  0x00000000      0x229 build/main.o
 .debug_abbrev  0x00000229       0x80 build/stm32f1xx_it.o
 .debug_abbrev  0x000002a9       0xc1 build/stm32f1xx_hal_msp.o
 .debug_abbrev  0x0000036a      0x232 build/stm32f1xx_hal.o
 .debug_abbrev  0x0000059c      0x2b8 build/stm32f1xx_hal_rcc.o
 .debug_abbrev  0x00000854      0x222 build/stm32f1xx_hal_gpio.o
 .debug_abbrev  0x00000a76      0x348 build/stm32f1xx_hal_cortex.o
 .debug_abbrev  0x00000dbe      0x140 build/system_stm32f1xx.o
 .debug_abbrev  0x00000efe       0x12 build/startup_stm32f103x6.o
 .debug_abbrev  0x00000f10       0x9e c:/stm32toolchain/arm-gnu-toolchain-11.3.rel1-mingw-w64-i686-arm-none-eabi/bin/../lib/gcc/arm-none-eabi/11.3.1/thumb/v7-m/nofp\libc_nano.a(libc_a-memset.o)
 .debug_abbrev  0x00000fae       0xc9 c:/stm32toolchain/arm-gnu-toolchain-11.3.rel1-mingw-w64-i686-arm-none-eabi/bin/../lib/gcc/arm-none-eabi/11.3.1/thumb/v7-m/nofp\libc_nano.a(libc_a-init.o)

.debug_loc      0x00000000     0x18d5
 .debug_loc     0x00000000       0x9e build/main.o
 .debug_loc     0x0000009e       0x20 build/stm32f1xx_it.o
 .debug_loc     0x000000be       0x2c build/stm32f1xx_hal_msp.o
 .debug_loc     0x000000ea      0x1e1 build/stm32f1xx_hal.o
 .debug_loc     0x000002cb      0x7ee build/stm32f1xx_hal_rcc.o
 .debug_loc     0x00000ab9      0x511 build/stm32f1xx_hal_gpio.o
 .debug_loc     0x00000fca      0x80c build/stm32f1xx_hal_cortex.o
 .debug_loc     0x000017d6       0xff build/system_stm32f1xx.o

.debug_aranges  0x00000000      0x3a0
 .debug_aranges
                0x00000000       0x38 build/main.o
 .debug_aranges
                0x00000038       0x60 build/stm32f1xx_it.o
 .debug_aranges
                0x00000098       0x20 build/stm32f1xx_hal_msp.o
 .debug_aranges
                0x000000b8       0xe0 build/stm32f1xx_hal.o
 .debug_aranges
                0x00000198       0x90 build/stm32f1xx_hal_rcc.o
 .debug_aranges
                0x00000228       0x58 build/stm32f1xx_hal_gpio.o
 .debug_aranges
                0x00000280       0x90 build/stm32f1xx_hal_cortex.o
 .debug_aranges
                0x00000310       0x28 build/system_stm32f1xx.o
 .debug_aranges
                0x00000338       0x28 build/startup_stm32f103x6.o
 .debug_aranges
                0x00000360       0x20 c:/stm32toolchain/arm-gnu-toolchain-11.3.rel1-mingw-w64-i686-arm-none-eabi/bin/../lib/gcc/arm-none-eabi/11.3.1/thumb/v7-m/nofp\libc_nano.a(libc_a-memset.o)
 .debug_aranges
                0x00000380       0x20 c:/stm32toolchain/arm-gnu-toolchain-11.3.rel1-mingw-w64-i686-arm-none-eabi/bin/../lib/gcc/arm-none-eabi/11.3.1/thumb/v7-m/nofp\libc_nano.a(libc_a-init.o)

.debug_ranges   0x00000000      0x358
 .debug_ranges  0x00000000       0x28 build/main.o
 .debug_ranges  0x00000028       0x50 build/stm32f1xx_it.o
 .debug_ranges  0x00000078       0x10 build/stm32f1xx_hal_msp.o
 .debug_ranges  0x00000088       0xd0 build/stm32f1xx_hal.o
 .debug_ranges  0x00000158       0xa0 build/stm32f1xx_hal_rcc.o
 .debug_ranges  0x000001f8       0x48 build/stm32f1xx_hal_gpio.o
 .debug_ranges  0x00000240       0xe0 build/stm32f1xx_hal_cortex.o
 .debug_ranges  0x00000320       0x18 build/system_stm32f1xx.o
 .debug_ranges  0x00000338       0x20 build/startup_stm32f103x6.o

.debug_line     0x00000000     0x29e1
 .debug_line    0x00000000      0x386 build/main.o
 .debug_line    0x00000386      0x177 build/stm32f1xx_it.o
 .debug_line    0x000004fd      0x18a build/stm32f1xx_hal_msp.o
 .debug_line    0x00000687      0x542 build/stm32f1xx_hal.o
 .debug_line    0x00000bc9      0xc38 build/stm32f1xx_hal_rcc.o
 .debug_line    0x00001801      0x5db build/stm32f1xx_hal_gpio.o
 .debug_line    0x00001ddc      0x64c build/stm32f1xx_hal_cortex.o
 .debug_line    0x00002428      0x25a build/system_stm32f1xx.o
 .debug_line    0x00002682       0x75 build/startup_stm32f103x6.o
 .debug_line    0x000026f7      0x176 c:/stm32toolchain/arm-gnu-toolchain-11.3.rel1-mingw-w64-i686-arm-none-eabi/bin/../lib/gcc/arm-none-eabi/11.3.1/thumb/v7-m/nofp\libc_nano.a(libc_a-memset.o)
 .debug_line    0x0000286d      0x174 c:/stm32toolchain/arm-gnu-toolchain-11.3.rel1-mingw-w64-i686-arm-none-eabi/bin/../lib/gcc/arm-none-eabi/11.3.1/thumb/v7-m/nofp\libc_nano.a(libc_a-init.o)

.debug_str      0x00000000     0x1425
 .debug_str     0x00000000      0x3dd build/main.o
                                0x42f (size before relaxing)
 .debug_str     0x000003dd       0xb4 build/stm32f1xx_it.o
                                0x1f9 (size before relaxing)
 .debug_str     0x00000491       0x29 build/stm32f1xx_hal_msp.o
                                0x1c8 (size before relaxing)
 .debug_str     0x000004ba      0x5b9 build/stm32f1xx_hal.o
                                0x7cb (size before relaxing)
 .debug_str     0x00000a73      0x217 build/stm32f1xx_hal_rcc.o
                                0x602 (size before relaxing)
 .debug_str     0x00000c8a      0x147 build/stm32f1xx_hal_gpio.o
                                0x3d7 (size before relaxing)
 .debug_str     0x00000dd1      0x3b8 build/stm32f1xx_hal_cortex.o
                                0x870 (size before relaxing)
 .debug_str     0x00001189       0x4f build/system_stm32f1xx.o
                                0x22b (size before relaxing)
 .debug_str     0x000011d8       0x22 build/startup_stm32f103x6.o
                                 0x52 (size before relaxing)
 .debug_str     0x000011fa      0x168 c:/stm32toolchain/arm-gnu-toolchain-11.3.rel1-mingw-w64-i686-arm-none-eabi/bin/../lib/gcc/arm-none-eabi/11.3.1/thumb/v7-m/nofp\libc_nano.a(libc_a-memset.o)
                                0x204 (size before relaxing)
 .debug_str     0x00001362       0xc3 c:/stm32toolchain/arm-gnu-toolchain-11.3.rel1-mingw-w64-i686-arm-none-eabi/bin/../lib/gcc/arm-none-eabi/11.3.1/thumb/v7-m/nofp\libc_nano.a(libc_a-init.o)
                                0x265 (size before relaxing)

.debug_frame    0x00000000      0x71c
 .debug_frame   0x00000000       0x78 build/main.o
 .debug_frame   0x00000078       0xa8 build/stm32f1xx_it.o
 .debug_frame   0x00000120       0x28 build/stm32f1xx_hal_msp.o
 .debug_frame   0x00000148      0x1cc build/stm32f1xx_hal.o
 .debug_frame   0x00000314      0x190 build/stm32f1xx_hal_rcc.o
 .debug_frame   0x000004a4       0xe4 build/stm32f1xx_hal_gpio.o
 .debug_frame   0x00000588      0x118 build/stm32f1xx_hal_cortex.o
 .debug_frame   0x000006a0       0x30 build/system_stm32f1xx.o
 .debug_frame   0x000006d0       0x20 c:/stm32toolchain/arm-gnu-toolchain-11.3.rel1-mingw-w64-i686-arm-none-eabi/bin/../lib/gcc/arm-none-eabi/11.3.1/thumb/v7-m/nofp\libc_nano.a(libc_a-memset.o)
 .debug_frame   0x000006f0       0x2c c:/stm32toolchain/arm-gnu-toolchain-11.3.rel1-mingw-w64-i686-arm-none-eabi/bin/../lib/gcc/arm-none-eabi/11.3.1/thumb/v7-m/nofp\libc_nano.a(libc_a-init.o)

.debug_loclists
                0x00000000       0x6f
 .debug_loclists
                0x00000000       0x3b c:/stm32toolchain/arm-gnu-toolchain-11.3.rel1-mingw-w64-i686-arm-none-eabi/bin/../lib/gcc/arm-none-eabi/11.3.1/thumb/v7-m/nofp\libc_nano.a(libc_a-memset.o)
 .debug_loclists
                0x0000003b       0x34 c:/stm32toolchain/arm-gnu-toolchain-11.3.rel1-mingw-w64-i686-arm-none-eabi/bin/../lib/gcc/arm-none-eabi/11.3.1/thumb/v7-m/nofp\libc_nano.a(libc_a-init.o)

.debug_rnglists
                0x00000000       0x26
 .debug_rnglists
                0x00000000       0x13 c:/stm32toolchain/arm-gnu-toolchain-11.3.rel1-mingw-w64-i686-arm-none-eabi/bin/../lib/gcc/arm-none-eabi/11.3.1/thumb/v7-m/nofp\libc_nano.a(libc_a-memset.o)
 .debug_rnglists
                0x00000013       0x13 c:/stm32toolchain/arm-gnu-toolchain-11.3.rel1-mingw-w64-i686-arm-none-eabi/bin/../lib/gcc/arm-none-eabi/11.3.1/thumb/v7-m/nofp\libc_nano.a(libc_a-init.o)

Cross Reference Table

Symbol                                            File
ADC1_2_IRQHandler                                 build/startup_stm32f103x6.o
AHBPrescTable                                     build/system_stm32f1xx.o
                                                  build/stm32f1xx_hal_rcc.o
APBPrescTable                                     build/system_stm32f1xx.o
                                                  build/stm32f1xx_hal_rcc.o
BusFault_Handler                                  build/stm32f1xx_it.o
CAN1_RX1_IRQHandler                               build/startup_stm32f103x6.o
CAN1_SCE_IRQHandler                               build/startup_stm32f103x6.o
DMA1_Channel1_IRQHandler                          build/startup_stm32f103x6.o
DMA1_Channel2_IRQHandler                          build/startup_stm32f103x6.o
DMA1_Channel3_IRQHandler                          build/startup_stm32f103x6.o
DMA1_Channel4_IRQHandler                          build/startup_stm32f103x6.o
DMA1_Channel5_IRQHandler                          build/startup_stm32f103x6.o
DMA1_Channel6_IRQHandler                          build/startup_stm32f103x6.o
DMA1_Channel7_IRQHandler                          build/startup_stm32f103x6.o
DebugMon_Handler                                  build/stm32f1xx_it.o
Default_Handler                                   build/startup_stm32f103x6.o
EXTI0_IRQHandler                                  build/startup_stm32f103x6.o
EXTI15_10_IRQHandler                              build/startup_stm32f103x6.o
EXTI1_IRQHandler                                  build/startup_stm32f103x6.o
EXTI2_IRQHandler                                  build/startup_stm32f103x6.o
EXTI3_IRQHandler                                  build/startup_stm32f103x6.o
EXTI4_IRQHandler                                  build/startup_stm32f103x6.o
EXTI9_5_IRQHandler                                build/startup_stm32f103x6.o
Error_Handler                                     build/main.o
FLASH_IRQHandler                                  build/startup_stm32f103x6.o
FLASH_PageErase                                   build/stm32f1xx_hal_flash_ex.o
                                                  build/stm32f1xx_hal_flash.o
FLASH_WaitForLastOperation                        build/stm32f1xx_hal_flash.o
                                                  build/stm32f1xx_hal_flash_ex.o
HAL_DBGMCU_DisableDBGSleepMode                    build/stm32f1xx_hal.o
HAL_DBGMCU_DisableDBGStandbyMode                  build/stm32f1xx_hal.o
HAL_DBGMCU_DisableDBGStopMode                     build/stm32f1xx_hal.o
HAL_DBGMCU_EnableDBGSleepMode                     build/stm32f1xx_hal.o
HAL_DBGMCU_EnableDBGStandbyMode                   build/stm32f1xx_hal.o
HAL_DBGMCU_EnableDBGStopMode                      build/stm32f1xx_hal.o
HAL_DMA_Abort                                     build/stm32f1xx_hal_dma.o
HAL_DMA_Abort_IT                                  build/stm32f1xx_hal_dma.o
HAL_DMA_DeInit                                    build/stm32f1xx_hal_dma.o
HAL_DMA_GetError                                  build/stm32f1xx_hal_dma.o
HAL_DMA_GetState                                  build/stm32f1xx_hal_dma.o
HAL_DMA_IRQHandler                                build/stm32f1xx_hal_dma.o
HAL_DMA_Init                                      build/stm32f1xx_hal_dma.o
HAL_DMA_PollForTransfer                           build/stm32f1xx_hal_dma.o
HAL_DMA_RegisterCallback                          build/stm32f1xx_hal_dma.o
HAL_DMA_Start                                     build/stm32f1xx_hal_dma.o
HAL_DMA_Start_IT                                  build/stm32f1xx_hal_dma.o
HAL_DMA_UnRegisterCallback                        build/stm32f1xx_hal_dma.o
HAL_DeInit                                        build/stm32f1xx_hal.o
HAL_Delay                                         build/stm32f1xx_hal.o
                                                  build/main.o
HAL_EXTI_ClearConfigLine                          build/stm32f1xx_hal_exti.o
HAL_EXTI_ClearPending                             build/stm32f1xx_hal_exti.o
HAL_EXTI_GenerateSWI                              build/stm32f1xx_hal_exti.o
HAL_EXTI_GetConfigLine                            build/stm32f1xx_hal_exti.o
HAL_EXTI_GetHandle                                build/stm32f1xx_hal_exti.o
HAL_EXTI_GetPending                               build/stm32f1xx_hal_exti.o
HAL_EXTI_IRQHandler                               build/stm32f1xx_hal_exti.o
HAL_EXTI_RegisterCallback                         build/stm32f1xx_hal_exti.o
HAL_EXTI_SetConfigLine                            build/stm32f1xx_hal_exti.o
HAL_FLASHEx_Erase                                 build/stm32f1xx_hal_flash_ex.o
HAL_FLASHEx_Erase_IT                              build/stm32f1xx_hal_flash_ex.o
HAL_FLASHEx_OBErase                               build/stm32f1xx_hal_flash_ex.o
HAL_FLASHEx_OBGetConfig                           build/stm32f1xx_hal_flash_ex.o
HAL_FLASHEx_OBGetUserData                         build/stm32f1xx_hal_flash_ex.o
HAL_FLASHEx_OBProgram                             build/stm32f1xx_hal_flash_ex.o
HAL_FLASH_EndOfOperationCallback                  build/stm32f1xx_hal_flash.o
HAL_FLASH_GetError                                build/stm32f1xx_hal_flash.o
HAL_FLASH_IRQHandler                              build/stm32f1xx_hal_flash.o
HAL_FLASH_Lock                                    build/stm32f1xx_hal_flash.o
HAL_FLASH_OB_Launch                               build/stm32f1xx_hal_flash.o
HAL_FLASH_OB_Lock                                 build/stm32f1xx_hal_flash.o
HAL_FLASH_OB_Unlock                               build/stm32f1xx_hal_flash.o
HAL_FLASH_OperationErrorCallback                  build/stm32f1xx_hal_flash.o
HAL_FLASH_Program                                 build/stm32f1xx_hal_flash.o
HAL_FLASH_Program_IT                              build/stm32f1xx_hal_flash.o
HAL_FLASH_Unlock                                  build/stm32f1xx_hal_flash.o
HAL_GPIOEx_ConfigEventout                         build/stm32f1xx_hal_gpio_ex.o
HAL_GPIOEx_DisableEventout                        build/stm32f1xx_hal_gpio_ex.o
HAL_GPIOEx_EnableEventout                         build/stm32f1xx_hal_gpio_ex.o
HAL_GPIO_DeInit                                   build/stm32f1xx_hal_gpio.o
HAL_GPIO_EXTI_Callback                            build/stm32f1xx_hal_gpio.o
HAL_GPIO_EXTI_IRQHandler                          build/stm32f1xx_hal_gpio.o
HAL_GPIO_Init                                     build/stm32f1xx_hal_gpio.o
                                                  build/stm32f1xx_hal_rcc.o
                                                  build/main.o
HAL_GPIO_LockPin                                  build/stm32f1xx_hal_gpio.o
HAL_GPIO_ReadPin                                  build/stm32f1xx_hal_gpio.o
HAL_GPIO_TogglePin                                build/stm32f1xx_hal_gpio.o
HAL_GPIO_WritePin                                 build/stm32f1xx_hal_gpio.o
                                                  build/main.o
HAL_GetDEVID                                      build/stm32f1xx_hal.o
HAL_GetHalVersion                                 build/stm32f1xx_hal.o
HAL_GetREVID                                      build/stm32f1xx_hal.o
HAL_GetTick                                       build/stm32f1xx_hal.o
                                                  build/stm32f1xx_hal_flash.o
                                                  build/stm32f1xx_hal_dma.o
                                                  build/stm32f1xx_hal_rcc_ex.o
                                                  build/stm32f1xx_hal_rcc.o
HAL_GetTickFreq                                   build/stm32f1xx_hal.o
HAL_GetTickPrio                                   build/stm32f1xx_hal.o
HAL_GetUIDw0                                      build/stm32f1xx_hal.o
HAL_GetUIDw1                                      build/stm32f1xx_hal.o
HAL_GetUIDw2                                      build/stm32f1xx_hal.o
HAL_IncTick                                       build/stm32f1xx_hal.o
                                                  build/stm32f1xx_it.o
HAL_Init                                          build/stm32f1xx_hal.o
                                                  build/main.o
HAL_InitTick                                      build/stm32f1xx_hal.o
                                                  build/stm32f1xx_hal_rcc.o
HAL_MspDeInit                                     build/stm32f1xx_hal.o
HAL_MspInit                                       build/stm32f1xx_hal_msp.o
HAL_NVIC_ClearPendingIRQ                          build/stm32f1xx_hal_cortex.o
HAL_NVIC_DisableIRQ                               build/stm32f1xx_hal_cortex.o
HAL_NVIC_EnableIRQ                                build/stm32f1xx_hal_cortex.o
HAL_NVIC_GetActive                                build/stm32f1xx_hal_cortex.o
HAL_NVIC_GetPendingIRQ                            build/stm32f1xx_hal_cortex.o
HAL_NVIC_GetPriority                              build/stm32f1xx_hal_cortex.o
HAL_NVIC_GetPriorityGrouping                      build/stm32f1xx_hal_cortex.o
HAL_NVIC_SetPendingIRQ                            build/stm32f1xx_hal_cortex.o
HAL_NVIC_SetPriority                              build/stm32f1xx_hal_cortex.o
                                                  build/stm32f1xx_hal.o
HAL_NVIC_SetPriorityGrouping                      build/stm32f1xx_hal_cortex.o
                                                  build/stm32f1xx_hal.o
HAL_NVIC_SystemReset                              build/stm32f1xx_hal_cortex.o
                                                  build/stm32f1xx_hal_flash.o
HAL_PWR_ConfigPVD                                 build/stm32f1xx_hal_pwr.o
HAL_PWR_DeInit                                    build/stm32f1xx_hal_pwr.o
HAL_PWR_DisableBkUpAccess                         build/stm32f1xx_hal_pwr.o
HAL_PWR_DisablePVD                                build/stm32f1xx_hal_pwr.o
HAL_PWR_DisableSEVOnPend                          build/stm32f1xx_hal_pwr.o
HAL_PWR_DisableSleepOnExit                        build/stm32f1xx_hal_pwr.o
HAL_PWR_DisableWakeUpPin                          build/stm32f1xx_hal_pwr.o
HAL_PWR_EnableBkUpAccess                          build/stm32f1xx_hal_pwr.o
HAL_PWR_EnablePVD                                 build/stm32f1xx_hal_pwr.o
HAL_PWR_EnableSEVOnPend                           build/stm32f1xx_hal_pwr.o
HAL_PWR_EnableSleepOnExit                         build/stm32f1xx_hal_pwr.o
HAL_PWR_EnableWakeUpPin                           build/stm32f1xx_hal_pwr.o
HAL_PWR_EnterSLEEPMode                            build/stm32f1xx_hal_pwr.o
HAL_PWR_EnterSTANDBYMode                          build/stm32f1xx_hal_pwr.o
HAL_PWR_EnterSTOPMode                             build/stm32f1xx_hal_pwr.o
HAL_PWR_PVDCallback                               build/stm32f1xx_hal_pwr.o
HAL_PWR_PVD_IRQHandler                            build/stm32f1xx_hal_pwr.o
HAL_RCCEx_GetPeriphCLKConfig                      build/stm32f1xx_hal_rcc_ex.o
HAL_RCCEx_GetPeriphCLKFreq                        build/stm32f1xx_hal_rcc_ex.o
HAL_RCCEx_PeriphCLKConfig                         build/stm32f1xx_hal_rcc_ex.o
HAL_RCC_CSSCallback                               build/stm32f1xx_hal_rcc.o
HAL_RCC_ClockConfig                               build/stm32f1xx_hal_rcc.o
                                                  build/main.o
HAL_RCC_DeInit                                    build/stm32f1xx_hal_rcc.o
HAL_RCC_DisableCSS                                build/stm32f1xx_hal_rcc.o
HAL_RCC_EnableCSS                                 build/stm32f1xx_hal_rcc.o
HAL_RCC_GetClockConfig                            build/stm32f1xx_hal_rcc.o
HAL_RCC_GetHCLKFreq                               build/stm32f1xx_hal_rcc.o
HAL_RCC_GetOscConfig                              build/stm32f1xx_hal_rcc.o
HAL_RCC_GetPCLK1Freq                              build/stm32f1xx_hal_rcc.o
HAL_RCC_GetPCLK2Freq                              build/stm32f1xx_hal_rcc.o
                                                  build/stm32f1xx_hal_rcc_ex.o
HAL_RCC_GetSysClockFreq                           build/stm32f1xx_hal_rcc.o
HAL_RCC_MCOConfig                                 build/stm32f1xx_hal_rcc.o
HAL_RCC_NMI_IRQHandler                            build/stm32f1xx_hal_rcc.o
HAL_RCC_OscConfig                                 build/stm32f1xx_hal_rcc.o
                                                  build/main.o
HAL_ResumeTick                                    build/stm32f1xx_hal.o
HAL_SYSTICK_CLKSourceConfig                       build/stm32f1xx_hal_cortex.o
HAL_SYSTICK_Callback                              build/stm32f1xx_hal_cortex.o
HAL_SYSTICK_Config                                build/stm32f1xx_hal_cortex.o
                                                  build/stm32f1xx_hal.o
HAL_SYSTICK_IRQHandler                            build/stm32f1xx_hal_cortex.o
HAL_SetTickFreq                                   build/stm32f1xx_hal.o
HAL_SuspendTick                                   build/stm32f1xx_hal.o
HardFault_Handler                                 build/stm32f1xx_it.o
I2C1_ER_IRQHandler                                build/startup_stm32f103x6.o
I2C1_EV_IRQHandler                                build/startup_stm32f103x6.o
MemManage_Handler                                 build/stm32f1xx_it.o
NMI_Handler                                       build/stm32f1xx_it.o
PVD_IRQHandler                                    build/startup_stm32f103x6.o
PendSV_Handler                                    build/stm32f1xx_it.o
RCC_IRQHandler                                    build/startup_stm32f103x6.o
RTC_Alarm_IRQHandler                              build/startup_stm32f103x6.o
RTC_IRQHandler                                    build/startup_stm32f103x6.o
Reset_Handler                                     build/startup_stm32f103x6.o
SPI1_IRQHandler                                   build/startup_stm32f103x6.o
SVC_Handler                                       build/stm32f1xx_it.o
SysTick_Handler                                   build/stm32f1xx_it.o
SystemClock_Config                                build/main.o
SystemCoreClock                                   build/system_stm32f1xx.o
                                                  build/stm32f1xx_hal_rcc.o
                                                  build/stm32f1xx_hal.o
SystemCoreClockUpdate                             build/system_stm32f1xx.o
SystemInit                                        build/system_stm32f1xx.o
                                                  build/startup_stm32f103x6.o
TAMPER_IRQHandler                                 build/startup_stm32f103x6.o
TIM1_BRK_IRQHandler                               build/startup_stm32f103x6.o
TIM1_CC_IRQHandler                                build/startup_stm32f103x6.o
TIM1_TRG_COM_IRQHandler                           build/startup_stm32f103x6.o
TIM1_UP_IRQHandler                                build/startup_stm32f103x6.o
TIM2_IRQHandler                                   build/startup_stm32f103x6.o
TIM3_IRQHandler                                   build/startup_stm32f103x6.o
USART1_IRQHandler                                 build/startup_stm32f103x6.o
USART2_IRQHandler                                 build/startup_stm32f103x6.o
USBWakeUp_IRQHandler                              build/startup_stm32f103x6.o
USB_HP_CAN1_TX_IRQHandler                         build/startup_stm32f103x6.o
USB_LP_CAN1_RX0_IRQHandler                        build/startup_stm32f103x6.o
UsageFault_Handler                                build/stm32f1xx_it.o
WWDG_IRQHandler                                   build/startup_stm32f103x6.o
_ITM_deregisterTMCloneTable                       c:/stm32toolchain/arm-gnu-toolchain-11.3.rel1-mingw-w64-i686-arm-none-eabi/bin/../lib/gcc/arm-none-eabi/11.3.1/thumb/v7-m/nofp/crtbegin.o
_ITM_registerTMCloneTable                         c:/stm32toolchain/arm-gnu-toolchain-11.3.rel1-mingw-w64-i686-arm-none-eabi/bin/../lib/gcc/arm-none-eabi/11.3.1/thumb/v7-m/nofp/crtbegin.o
__TMC_END__                                       c:/stm32toolchain/arm-gnu-toolchain-11.3.rel1-mingw-w64-i686-arm-none-eabi/bin/../lib/gcc/arm-none-eabi/11.3.1/thumb/v7-m/nofp/crtend.o
                                                  c:/stm32toolchain/arm-gnu-toolchain-11.3.rel1-mingw-w64-i686-arm-none-eabi/bin/../lib/gcc/arm-none-eabi/11.3.1/thumb/v7-m/nofp/crtbegin.o
__bss_end__                                       c:/stm32toolchain/arm-gnu-toolchain-11.3.rel1-mingw-w64-i686-arm-none-eabi/bin/../lib/gcc/arm-none-eabi/11.3.1/thumb/v7-m/nofp/crt0.o
__bss_start__                                     c:/stm32toolchain/arm-gnu-toolchain-11.3.rel1-mingw-w64-i686-arm-none-eabi/bin/../lib/gcc/arm-none-eabi/11.3.1/thumb/v7-m/nofp/crt0.o
__call_exitprocs                                  c:/stm32toolchain/arm-gnu-toolchain-11.3.rel1-mingw-w64-i686-arm-none-eabi/bin/../lib/gcc/arm-none-eabi/11.3.1/thumb/v7-m/nofp\libc_nano.a(libc_a-exit.o)
__deregister_frame_info                           c:/stm32toolchain/arm-gnu-toolchain-11.3.rel1-mingw-w64-i686-arm-none-eabi/bin/../lib/gcc/arm-none-eabi/11.3.1/thumb/v7-m/nofp/crtbegin.o
__dso_handle                                      c:/stm32toolchain/arm-gnu-toolchain-11.3.rel1-mingw-w64-i686-arm-none-eabi/bin/../lib/gcc/arm-none-eabi/11.3.1/thumb/v7-m/nofp/crtbegin.o
__fp_lock_all                                     c:/stm32toolchain/arm-gnu-toolchain-11.3.rel1-mingw-w64-i686-arm-none-eabi/bin/../lib/gcc/arm-none-eabi/11.3.1/thumb/v7-m/nofp\libc_nano.a(libc_a-findfp.o)
__fp_unlock_all                                   c:/stm32toolchain/arm-gnu-toolchain-11.3.rel1-mingw-w64-i686-arm-none-eabi/bin/../lib/gcc/arm-none-eabi/11.3.1/thumb/v7-m/nofp\libc_nano.a(libc_a-findfp.o)
__init_array_end                                  c:/stm32toolchain/arm-gnu-toolchain-11.3.rel1-mingw-w64-i686-arm-none-eabi/bin/../lib/gcc/arm-none-eabi/11.3.1/thumb/v7-m/nofp\libc_nano.a(libc_a-init.o)
__init_array_start                                c:/stm32toolchain/arm-gnu-toolchain-11.3.rel1-mingw-w64-i686-arm-none-eabi/bin/../lib/gcc/arm-none-eabi/11.3.1/thumb/v7-m/nofp\libc_nano.a(libc_a-init.o)
__libc_fini_array                                 c:/stm32toolchain/arm-gnu-toolchain-11.3.rel1-mingw-w64-i686-arm-none-eabi/bin/../lib/gcc/arm-none-eabi/11.3.1/thumb/v7-m/nofp/crt0.o
__libc_init_array                                 c:/stm32toolchain/arm-gnu-toolchain-11.3.rel1-mingw-w64-i686-arm-none-eabi/bin/../lib/gcc/arm-none-eabi/11.3.1/thumb/v7-m/nofp\libc_nano.a(libc_a-init.o)
                                                  build/startup_stm32f103x6.o
                                                  c:/stm32toolchain/arm-gnu-toolchain-11.3.rel1-mingw-w64-i686-arm-none-eabi/bin/../lib/gcc/arm-none-eabi/11.3.1/thumb/v7-m/nofp/crt0.o
__lock___arc4random_mutex                         c:/stm32toolchain/arm-gnu-toolchain-11.3.rel1-mingw-w64-i686-arm-none-eabi/bin/../lib/gcc/arm-none-eabi/11.3.1/thumb/v7-m/nofp\libc_nano.a(libc_a-lock.o)
__lock___at_quick_exit_mutex                      c:/stm32toolchain/arm-gnu-toolchain-11.3.rel1-mingw-w64-i686-arm-none-eabi/bin/../lib/gcc/arm-none-eabi/11.3.1/thumb/v7-m/nofp\libc_nano.a(libc_a-lock.o)
__lock___atexit_recursive_mutex                   c:/stm32toolchain/arm-gnu-toolchain-11.3.rel1-mingw-w64-i686-arm-none-eabi/bin/../lib/gcc/arm-none-eabi/11.3.1/thumb/v7-m/nofp\libc_nano.a(libc_a-lock.o)
__lock___dd_hash_mutex                            c:/stm32toolchain/arm-gnu-toolchain-11.3.rel1-mingw-w64-i686-arm-none-eabi/bin/../lib/gcc/arm-none-eabi/11.3.1/thumb/v7-m/nofp\libc_nano.a(libc_a-lock.o)
__lock___env_recursive_mutex                      c:/stm32toolchain/arm-gnu-toolchain-11.3.rel1-mingw-w64-i686-arm-none-eabi/bin/../lib/gcc/arm-none-eabi/11.3.1/thumb/v7-m/nofp\libc_nano.a(libc_a-lock.o)
__lock___malloc_recursive_mutex                   c:/stm32toolchain/arm-gnu-toolchain-11.3.rel1-mingw-w64-i686-arm-none-eabi/bin/../lib/gcc/arm-none-eabi/11.3.1/thumb/v7-m/nofp\libc_nano.a(libc_a-lock.o)
                                                  c:/stm32toolchain/arm-gnu-toolchain-11.3.rel1-mingw-w64-i686-arm-none-eabi/bin/../lib/gcc/arm-none-eabi/11.3.1/thumb/v7-m/nofp\libc_nano.a(libc_a-mlock.o)
__lock___sfp_recursive_mutex                      c:/stm32toolchain/arm-gnu-toolchain-11.3.rel1-mingw-w64-i686-arm-none-eabi/bin/../lib/gcc/arm-none-eabi/11.3.1/thumb/v7-m/nofp\libc_nano.a(libc_a-lock.o)
                                                  c:/stm32toolchain/arm-gnu-toolchain-11.3.rel1-mingw-w64-i686-arm-none-eabi/bin/../lib/gcc/arm-none-eabi/11.3.1/thumb/v7-m/nofp\libc_nano.a(libc_a-findfp.o)
__lock___tz_mutex                                 c:/stm32toolchain/arm-gnu-toolchain-11.3.rel1-mingw-w64-i686-arm-none-eabi/bin/../lib/gcc/arm-none-eabi/11.3.1/thumb/v7-m/nofp\libc_nano.a(libc_a-lock.o)
__malloc_free_list                                c:/stm32toolchain/arm-gnu-toolchain-11.3.rel1-mingw-w64-i686-arm-none-eabi/bin/../lib/gcc/arm-none-eabi/11.3.1/thumb/v7-m/nofp\libc_nano.a(libc_a-mallocr.o)
                                                  c:/stm32toolchain/arm-gnu-toolchain-11.3.rel1-mingw-w64-i686-arm-none-eabi/bin/../lib/gcc/arm-none-eabi/11.3.1/thumb/v7-m/nofp\libc_nano.a(libc_a-freer.o)
__malloc_lock                                     c:/stm32toolchain/arm-gnu-toolchain-11.3.rel1-mingw-w64-i686-arm-none-eabi/bin/../lib/gcc/arm-none-eabi/11.3.1/thumb/v7-m/nofp\libc_nano.a(libc_a-mlock.o)
                                                  c:/stm32toolchain/arm-gnu-toolchain-11.3.rel1-mingw-w64-i686-arm-none-eabi/bin/../lib/gcc/arm-none-eabi/11.3.1/thumb/v7-m/nofp\libc_nano.a(libc_a-mallocr.o)
                                                  c:/stm32toolchain/arm-gnu-toolchain-11.3.rel1-mingw-w64-i686-arm-none-eabi/bin/../lib/gcc/arm-none-eabi/11.3.1/thumb/v7-m/nofp\libc_nano.a(libc_a-freer.o)
__malloc_sbrk_start                               c:/stm32toolchain/arm-gnu-toolchain-11.3.rel1-mingw-w64-i686-arm-none-eabi/bin/../lib/gcc/arm-none-eabi/11.3.1/thumb/v7-m/nofp\libc_nano.a(libc_a-mallocr.o)
__malloc_unlock                                   c:/stm32toolchain/arm-gnu-toolchain-11.3.rel1-mingw-w64-i686-arm-none-eabi/bin/../lib/gcc/arm-none-eabi/11.3.1/thumb/v7-m/nofp\libc_nano.a(libc_a-mlock.o)
                                                  c:/stm32toolchain/arm-gnu-toolchain-11.3.rel1-mingw-w64-i686-arm-none-eabi/bin/../lib/gcc/arm-none-eabi/11.3.1/thumb/v7-m/nofp\libc_nano.a(libc_a-mallocr.o)
                                                  c:/stm32toolchain/arm-gnu-toolchain-11.3.rel1-mingw-w64-i686-arm-none-eabi/bin/../lib/gcc/arm-none-eabi/11.3.1/thumb/v7-m/nofp\libc_nano.a(libc_a-freer.o)
__preinit_array_end                               c:/stm32toolchain/arm-gnu-toolchain-11.3.rel1-mingw-w64-i686-arm-none-eabi/bin/../lib/gcc/arm-none-eabi/11.3.1/thumb/v7-m/nofp\libc_nano.a(libc_a-init.o)
__preinit_array_start                             c:/stm32toolchain/arm-gnu-toolchain-11.3.rel1-mingw-w64-i686-arm-none-eabi/bin/../lib/gcc/arm-none-eabi/11.3.1/thumb/v7-m/nofp\libc_nano.a(libc_a-init.o)
__register_frame_info                             c:/stm32toolchain/arm-gnu-toolchain-11.3.rel1-mingw-w64-i686-arm-none-eabi/bin/../lib/gcc/arm-none-eabi/11.3.1/thumb/v7-m/nofp/crtbegin.o
__retarget_lock_acquire                           c:/stm32toolchain/arm-gnu-toolchain-11.3.rel1-mingw-w64-i686-arm-none-eabi/bin/../lib/gcc/arm-none-eabi/11.3.1/thumb/v7-m/nofp\libc_nano.a(libc_a-lock.o)
__retarget_lock_acquire_recursive                 c:/stm32toolchain/arm-gnu-toolchain-11.3.rel1-mingw-w64-i686-arm-none-eabi/bin/../lib/gcc/arm-none-eabi/11.3.1/thumb/v7-m/nofp\libc_nano.a(libc_a-lock.o)
                                                  c:/stm32toolchain/arm-gnu-toolchain-11.3.rel1-mingw-w64-i686-arm-none-eabi/bin/../lib/gcc/arm-none-eabi/11.3.1/thumb/v7-m/nofp\libc_nano.a(libc_a-fflush.o)
                                                  c:/stm32toolchain/arm-gnu-toolchain-11.3.rel1-mingw-w64-i686-arm-none-eabi/bin/../lib/gcc/arm-none-eabi/11.3.1/thumb/v7-m/nofp\libc_nano.a(libc_a-mlock.o)
                                                  c:/stm32toolchain/arm-gnu-toolchain-11.3.rel1-mingw-w64-i686-arm-none-eabi/bin/../lib/gcc/arm-none-eabi/11.3.1/thumb/v7-m/nofp\libc_nano.a(libc_a-findfp.o)
__retarget_lock_close                             c:/stm32toolchain/arm-gnu-toolchain-11.3.rel1-mingw-w64-i686-arm-none-eabi/bin/../lib/gcc/arm-none-eabi/11.3.1/thumb/v7-m/nofp\libc_nano.a(libc_a-lock.o)
__retarget_lock_close_recursive                   c:/stm32toolchain/arm-gnu-toolchain-11.3.rel1-mingw-w64-i686-arm-none-eabi/bin/../lib/gcc/arm-none-eabi/11.3.1/thumb/v7-m/nofp\libc_nano.a(libc_a-lock.o)
__retarget_lock_init                              c:/stm32toolchain/arm-gnu-toolchain-11.3.rel1-mingw-w64-i686-arm-none-eabi/bin/../lib/gcc/arm-none-eabi/11.3.1/thumb/v7-m/nofp\libc_nano.a(libc_a-lock.o)
__retarget_lock_init_recursive                    c:/stm32toolchain/arm-gnu-toolchain-11.3.rel1-mingw-w64-i686-arm-none-eabi/bin/../lib/gcc/arm-none-eabi/11.3.1/thumb/v7-m/nofp\libc_nano.a(libc_a-lock.o)
                                                  c:/stm32toolchain/arm-gnu-toolchain-11.3.rel1-mingw-w64-i686-arm-none-eabi/bin/../lib/gcc/arm-none-eabi/11.3.1/thumb/v7-m/nofp\libc_nano.a(libc_a-findfp.o)
__retarget_lock_release                           c:/stm32toolchain/arm-gnu-toolchain-11.3.rel1-mingw-w64-i686-arm-none-eabi/bin/../lib/gcc/arm-none-eabi/11.3.1/thumb/v7-m/nofp\libc_nano.a(libc_a-lock.o)
__retarget_lock_release_recursive                 c:/stm32toolchain/arm-gnu-toolchain-11.3.rel1-mingw-w64-i686-arm-none-eabi/bin/../lib/gcc/arm-none-eabi/11.3.1/thumb/v7-m/nofp\libc_nano.a(libc_a-lock.o)
                                                  c:/stm32toolchain/arm-gnu-toolchain-11.3.rel1-mingw-w64-i686-arm-none-eabi/bin/../lib/gcc/arm-none-eabi/11.3.1/thumb/v7-m/nofp\libc_nano.a(libc_a-fflush.o)
                                                  c:/stm32toolchain/arm-gnu-toolchain-11.3.rel1-mingw-w64-i686-arm-none-eabi/bin/../lib/gcc/arm-none-eabi/11.3.1/thumb/v7-m/nofp\libc_nano.a(libc_a-mlock.o)
                                                  c:/stm32toolchain/arm-gnu-toolchain-11.3.rel1-mingw-w64-i686-arm-none-eabi/bin/../lib/gcc/arm-none-eabi/11.3.1/thumb/v7-m/nofp\libc_nano.a(libc_a-findfp.o)
__retarget_lock_try_acquire                       c:/stm32toolchain/arm-gnu-toolchain-11.3.rel1-mingw-w64-i686-arm-none-eabi/bin/../lib/gcc/arm-none-eabi/11.3.1/thumb/v7-m/nofp\libc_nano.a(libc_a-lock.o)
__retarget_lock_try_acquire_recursive             c:/stm32toolchain/arm-gnu-toolchain-11.3.rel1-mingw-w64-i686-arm-none-eabi/bin/../lib/gcc/arm-none-eabi/11.3.1/thumb/v7-m/nofp\libc_nano.a(libc_a-lock.o)
__sclose                                          c:/stm32toolchain/arm-gnu-toolchain-11.3.rel1-mingw-w64-i686-arm-none-eabi/bin/../lib/gcc/arm-none-eabi/11.3.1/thumb/v7-m/nofp\libc_nano.a(libc_a-stdio.o)
                                                  c:/stm32toolchain/arm-gnu-toolchain-11.3.rel1-mingw-w64-i686-arm-none-eabi/bin/../lib/gcc/arm-none-eabi/11.3.1/thumb/v7-m/nofp\libc_nano.a(libc_a-findfp.o)
__seofread                                        c:/stm32toolchain/arm-gnu-toolchain-11.3.rel1-mingw-w64-i686-arm-none-eabi/bin/../lib/gcc/arm-none-eabi/11.3.1/thumb/v7-m/nofp\libc_nano.a(libc_a-stdio.o)
__sf                                              c:/stm32toolchain/arm-gnu-toolchain-11.3.rel1-mingw-w64-i686-arm-none-eabi/bin/../lib/gcc/arm-none-eabi/11.3.1/thumb/v7-m/nofp\libc_nano.a(libc_a-findfp.o)
                                                  c:/stm32toolchain/arm-gnu-toolchain-11.3.rel1-mingw-w64-i686-arm-none-eabi/bin/../lib/gcc/arm-none-eabi/11.3.1/thumb/v7-m/nofp\libc_nano.a(libc_a-impure.o)
__sflush_r                                        c:/stm32toolchain/arm-gnu-toolchain-11.3.rel1-mingw-w64-i686-arm-none-eabi/bin/../lib/gcc/arm-none-eabi/11.3.1/thumb/v7-m/nofp\libc_nano.a(libc_a-fflush.o)
__sfp                                             c:/stm32toolchain/arm-gnu-toolchain-11.3.rel1-mingw-w64-i686-arm-none-eabi/bin/../lib/gcc/arm-none-eabi/11.3.1/thumb/v7-m/nofp\libc_nano.a(libc_a-findfp.o)
__sfp_lock_acquire                                c:/stm32toolchain/arm-gnu-toolchain-11.3.rel1-mingw-w64-i686-arm-none-eabi/bin/../lib/gcc/arm-none-eabi/11.3.1/thumb/v7-m/nofp\libc_nano.a(libc_a-findfp.o)
__sfp_lock_release                                c:/stm32toolchain/arm-gnu-toolchain-11.3.rel1-mingw-w64-i686-arm-none-eabi/bin/../lib/gcc/arm-none-eabi/11.3.1/thumb/v7-m/nofp\libc_nano.a(libc_a-findfp.o)
__sglue                                           c:/stm32toolchain/arm-gnu-toolchain-11.3.rel1-mingw-w64-i686-arm-none-eabi/bin/../lib/gcc/arm-none-eabi/11.3.1/thumb/v7-m/nofp\libc_nano.a(libc_a-findfp.o)
                                                  c:/stm32toolchain/arm-gnu-toolchain-11.3.rel1-mingw-w64-i686-arm-none-eabi/bin/../lib/gcc/arm-none-eabi/11.3.1/thumb/v7-m/nofp\libc_nano.a(libc_a-fflush.o)
__sinit                                           c:/stm32toolchain/arm-gnu-toolchain-11.3.rel1-mingw-w64-i686-arm-none-eabi/bin/../lib/gcc/arm-none-eabi/11.3.1/thumb/v7-m/nofp\libc_nano.a(libc_a-findfp.o)
                                                  c:/stm32toolchain/arm-gnu-toolchain-11.3.rel1-mingw-w64-i686-arm-none-eabi/bin/../lib/gcc/arm-none-eabi/11.3.1/thumb/v7-m/nofp\libc_nano.a(libc_a-fflush.o)
__sread                                           c:/stm32toolchain/arm-gnu-toolchain-11.3.rel1-mingw-w64-i686-arm-none-eabi/bin/../lib/gcc/arm-none-eabi/11.3.1/thumb/v7-m/nofp\libc_nano.a(libc_a-stdio.o)
                                                  c:/stm32toolchain/arm-gnu-toolchain-11.3.rel1-mingw-w64-i686-arm-none-eabi/bin/../lib/gcc/arm-none-eabi/11.3.1/thumb/v7-m/nofp\libc_nano.a(libc_a-findfp.o)
__sseek                                           c:/stm32toolchain/arm-gnu-toolchain-11.3.rel1-mingw-w64-i686-arm-none-eabi/bin/../lib/gcc/arm-none-eabi/11.3.1/thumb/v7-m/nofp\libc_nano.a(libc_a-stdio.o)
                                                  c:/stm32toolchain/arm-gnu-toolchain-11.3.rel1-mingw-w64-i686-arm-none-eabi/bin/../lib/gcc/arm-none-eabi/11.3.1/thumb/v7-m/nofp\libc_nano.a(libc_a-findfp.o)
__stack                                           c:/stm32toolchain/arm-gnu-toolchain-11.3.rel1-mingw-w64-i686-arm-none-eabi/bin/../lib/gcc/arm-none-eabi/11.3.1/thumb/v7-m/nofp/crt0.o
__stdio_exit_handler                              c:/stm32toolchain/arm-gnu-toolchain-11.3.rel1-mingw-w64-i686-arm-none-eabi/bin/../lib/gcc/arm-none-eabi/11.3.1/thumb/v7-m/nofp\libc_nano.a(libc_a-findfp.o)
                                                  c:/stm32toolchain/arm-gnu-toolchain-11.3.rel1-mingw-w64-i686-arm-none-eabi/bin/../lib/gcc/arm-none-eabi/11.3.1/thumb/v7-m/nofp\libc_nano.a(libc_a-exit.o)
__swrite                                          c:/stm32toolchain/arm-gnu-toolchain-11.3.rel1-mingw-w64-i686-arm-none-eabi/bin/../lib/gcc/arm-none-eabi/11.3.1/thumb/v7-m/nofp\libc_nano.a(libc_a-stdio.o)
                                                  c:/stm32toolchain/arm-gnu-toolchain-11.3.rel1-mingw-w64-i686-arm-none-eabi/bin/../lib/gcc/arm-none-eabi/11.3.1/thumb/v7-m/nofp\libc_nano.a(libc_a-findfp.o)
_close                                            c:/stm32toolchain/arm-gnu-toolchain-11.3.rel1-mingw-w64-i686-arm-none-eabi/bin/../lib/gcc/arm-none-eabi/11.3.1/thumb/v7-m/nofp\libnosys.a(close.o)
                                                  c:/stm32toolchain/arm-gnu-toolchain-11.3.rel1-mingw-w64-i686-arm-none-eabi/bin/../lib/gcc/arm-none-eabi/11.3.1/thumb/v7-m/nofp\libc_nano.a(libc_a-closer.o)
_close_r                                          c:/stm32toolchain/arm-gnu-toolchain-11.3.rel1-mingw-w64-i686-arm-none-eabi/bin/../lib/gcc/arm-none-eabi/11.3.1/thumb/v7-m/nofp\libc_nano.a(libc_a-closer.o)
                                                  c:/stm32toolchain/arm-gnu-toolchain-11.3.rel1-mingw-w64-i686-arm-none-eabi/bin/../lib/gcc/arm-none-eabi/11.3.1/thumb/v7-m/nofp\libc_nano.a(libc_a-stdio.o)
_ebss                                             build/startup_stm32f103x6.o
_edata                                            build/startup_stm32f103x6.o
_estack                                           build/startup_stm32f103x6.o
_exit                                             c:/stm32toolchain/arm-gnu-toolchain-11.3.rel1-mingw-w64-i686-arm-none-eabi/bin/../lib/gcc/arm-none-eabi/11.3.1/thumb/v7-m/nofp\libnosys.a(_exit.o)
                                                  c:/stm32toolchain/arm-gnu-toolchain-11.3.rel1-mingw-w64-i686-arm-none-eabi/bin/../lib/gcc/arm-none-eabi/11.3.1/thumb/v7-m/nofp\libc_nano.a(libc_a-exit.o)
_fflush_r                                         c:/stm32toolchain/arm-gnu-toolchain-11.3.rel1-mingw-w64-i686-arm-none-eabi/bin/../lib/gcc/arm-none-eabi/11.3.1/thumb/v7-m/nofp\libc_nano.a(libc_a-fflush.o)
                                                  c:/stm32toolchain/arm-gnu-toolchain-11.3.rel1-mingw-w64-i686-arm-none-eabi/bin/../lib/gcc/arm-none-eabi/11.3.1/thumb/v7-m/nofp\libc_nano.a(libc_a-findfp.o)
_fini                                             c:/stm32toolchain/arm-gnu-toolchain-11.3.rel1-mingw-w64-i686-arm-none-eabi/bin/../lib/gcc/arm-none-eabi/11.3.1/thumb/v7-m/nofp/crti.o
_free_r                                           c:/stm32toolchain/arm-gnu-toolchain-11.3.rel1-mingw-w64-i686-arm-none-eabi/bin/../lib/gcc/arm-none-eabi/11.3.1/thumb/v7-m/nofp\libc_nano.a(libc_a-freer.o)
                                                  c:/stm32toolchain/arm-gnu-toolchain-11.3.rel1-mingw-w64-i686-arm-none-eabi/bin/../lib/gcc/arm-none-eabi/11.3.1/thumb/v7-m/nofp\libc_nano.a(libc_a-fflush.o)
                                                  c:/stm32toolchain/arm-gnu-toolchain-11.3.rel1-mingw-w64-i686-arm-none-eabi/bin/../lib/gcc/arm-none-eabi/11.3.1/thumb/v7-m/nofp\libc_nano.a(libc_a-reent.o)
_fwalk_sglue                                      c:/stm32toolchain/arm-gnu-toolchain-11.3.rel1-mingw-w64-i686-arm-none-eabi/bin/../lib/gcc/arm-none-eabi/11.3.1/thumb/v7-m/nofp\libc_nano.a(libc_a-fwalk.o)
                                                  c:/stm32toolchain/arm-gnu-toolchain-11.3.rel1-mingw-w64-i686-arm-none-eabi/bin/../lib/gcc/arm-none-eabi/11.3.1/thumb/v7-m/nofp\libc_nano.a(libc_a-fflush.o)
                                                  c:/stm32toolchain/arm-gnu-toolchain-11.3.rel1-mingw-w64-i686-arm-none-eabi/bin/../lib/gcc/arm-none-eabi/11.3.1/thumb/v7-m/nofp\libc_nano.a(libc_a-findfp.o)
_impure_data                                      c:/stm32toolchain/arm-gnu-toolchain-11.3.rel1-mingw-w64-i686-arm-none-eabi/bin/../lib/gcc/arm-none-eabi/11.3.1/thumb/v7-m/nofp\libc_nano.a(libc_a-impure.o)
                                                  c:/stm32toolchain/arm-gnu-toolchain-11.3.rel1-mingw-w64-i686-arm-none-eabi/bin/../lib/gcc/arm-none-eabi/11.3.1/thumb/v7-m/nofp\libc_nano.a(libc_a-fflush.o)
                                                  c:/stm32toolchain/arm-gnu-toolchain-11.3.rel1-mingw-w64-i686-arm-none-eabi/bin/../lib/gcc/arm-none-eabi/11.3.1/thumb/v7-m/nofp\libc_nano.a(libc_a-findfp.o)
_impure_ptr                                       c:/stm32toolchain/arm-gnu-toolchain-11.3.rel1-mingw-w64-i686-arm-none-eabi/bin/../lib/gcc/arm-none-eabi/11.3.1/thumb/v7-m/nofp\libc_nano.a(libc_a-impure.o)
                                                  c:/stm32toolchain/arm-gnu-toolchain-11.3.rel1-mingw-w64-i686-arm-none-eabi/bin/../lib/gcc/arm-none-eabi/11.3.1/thumb/v7-m/nofp\libc_nano.a(libc_a-fflush.o)
                                                  c:/stm32toolchain/arm-gnu-toolchain-11.3.rel1-mingw-w64-i686-arm-none-eabi/bin/../lib/gcc/arm-none-eabi/11.3.1/thumb/v7-m/nofp\libc_nano.a(libc_a-reent.o)
_init                                             c:/stm32toolchain/arm-gnu-toolchain-11.3.rel1-mingw-w64-i686-arm-none-eabi/bin/../lib/gcc/arm-none-eabi/11.3.1/thumb/v7-m/nofp/crti.o
                                                  c:/stm32toolchain/arm-gnu-toolchain-11.3.rel1-mingw-w64-i686-arm-none-eabi/bin/../lib/gcc/arm-none-eabi/11.3.1/thumb/v7-m/nofp\libc_nano.a(libc_a-init.o)
_lseek                                            c:/stm32toolchain/arm-gnu-toolchain-11.3.rel1-mingw-w64-i686-arm-none-eabi/bin/../lib/gcc/arm-none-eabi/11.3.1/thumb/v7-m/nofp\libnosys.a(lseek.o)
                                                  c:/stm32toolchain/arm-gnu-toolchain-11.3.rel1-mingw-w64-i686-arm-none-eabi/bin/../lib/gcc/arm-none-eabi/11.3.1/thumb/v7-m/nofp\libc_nano.a(libc_a-lseekr.o)
_lseek_r                                          c:/stm32toolchain/arm-gnu-toolchain-11.3.rel1-mingw-w64-i686-arm-none-eabi/bin/../lib/gcc/arm-none-eabi/11.3.1/thumb/v7-m/nofp\libc_nano.a(libc_a-lseekr.o)
                                                  c:/stm32toolchain/arm-gnu-toolchain-11.3.rel1-mingw-w64-i686-arm-none-eabi/bin/../lib/gcc/arm-none-eabi/11.3.1/thumb/v7-m/nofp\libc_nano.a(libc_a-stdio.o)
_mainCRTStartup                                   c:/stm32toolchain/arm-gnu-toolchain-11.3.rel1-mingw-w64-i686-arm-none-eabi/bin/../lib/gcc/arm-none-eabi/11.3.1/thumb/v7-m/nofp/crt0.o
_malloc_r                                         c:/stm32toolchain/arm-gnu-toolchain-11.3.rel1-mingw-w64-i686-arm-none-eabi/bin/../lib/gcc/arm-none-eabi/11.3.1/thumb/v7-m/nofp\libc_nano.a(libc_a-mallocr.o)
                                                  c:/stm32toolchain/arm-gnu-toolchain-11.3.rel1-mingw-w64-i686-arm-none-eabi/bin/../lib/gcc/arm-none-eabi/11.3.1/thumb/v7-m/nofp\libc_nano.a(libc_a-findfp.o)
_read                                             c:/stm32toolchain/arm-gnu-toolchain-11.3.rel1-mingw-w64-i686-arm-none-eabi/bin/../lib/gcc/arm-none-eabi/11.3.1/thumb/v7-m/nofp\libnosys.a(read.o)
                                                  c:/stm32toolchain/arm-gnu-toolchain-11.3.rel1-mingw-w64-i686-arm-none-eabi/bin/../lib/gcc/arm-none-eabi/11.3.1/thumb/v7-m/nofp\libc_nano.a(libc_a-readr.o)
_read_r                                           c:/stm32toolchain/arm-gnu-toolchain-11.3.rel1-mingw-w64-i686-arm-none-eabi/bin/../lib/gcc/arm-none-eabi/11.3.1/thumb/v7-m/nofp\libc_nano.a(libc_a-readr.o)
                                                  c:/stm32toolchain/arm-gnu-toolchain-11.3.rel1-mingw-w64-i686-arm-none-eabi/bin/../lib/gcc/arm-none-eabi/11.3.1/thumb/v7-m/nofp\libc_nano.a(libc_a-stdio.o)
_reclaim_reent                                    c:/stm32toolchain/arm-gnu-toolchain-11.3.rel1-mingw-w64-i686-arm-none-eabi/bin/../lib/gcc/arm-none-eabi/11.3.1/thumb/v7-m/nofp\libc_nano.a(libc_a-reent.o)
_sbrk                                             c:/stm32toolchain/arm-gnu-toolchain-11.3.rel1-mingw-w64-i686-arm-none-eabi/bin/../lib/gcc/arm-none-eabi/11.3.1/thumb/v7-m/nofp\libnosys.a(sbrk.o)
                                                  c:/stm32toolchain/arm-gnu-toolchain-11.3.rel1-mingw-w64-i686-arm-none-eabi/bin/../lib/gcc/arm-none-eabi/11.3.1/thumb/v7-m/nofp\libc_nano.a(libc_a-sbrkr.o)
_sbrk_r                                           c:/stm32toolchain/arm-gnu-toolchain-11.3.rel1-mingw-w64-i686-arm-none-eabi/bin/../lib/gcc/arm-none-eabi/11.3.1/thumb/v7-m/nofp\libc_nano.a(libc_a-sbrkr.o)
                                                  c:/stm32toolchain/arm-gnu-toolchain-11.3.rel1-mingw-w64-i686-arm-none-eabi/bin/../lib/gcc/arm-none-eabi/11.3.1/thumb/v7-m/nofp\libc_nano.a(libc_a-mallocr.o)
_sbss                                             build/startup_stm32f103x6.o
_sdata                                            build/startup_stm32f103x6.o
_sidata                                           build/startup_stm32f103x6.o
_stack_init                                       c:/stm32toolchain/arm-gnu-toolchain-11.3.rel1-mingw-w64-i686-arm-none-eabi/bin/../lib/gcc/arm-none-eabi/11.3.1/thumb/v7-m/nofp/crt0.o
_start                                            c:/stm32toolchain/arm-gnu-toolchain-11.3.rel1-mingw-w64-i686-arm-none-eabi/bin/../lib/gcc/arm-none-eabi/11.3.1/thumb/v7-m/nofp/crt0.o
_write                                            c:/stm32toolchain/arm-gnu-toolchain-11.3.rel1-mingw-w64-i686-arm-none-eabi/bin/../lib/gcc/arm-none-eabi/11.3.1/thumb/v7-m/nofp\libnosys.a(write.o)
                                                  c:/stm32toolchain/arm-gnu-toolchain-11.3.rel1-mingw-w64-i686-arm-none-eabi/bin/../lib/gcc/arm-none-eabi/11.3.1/thumb/v7-m/nofp\libc_nano.a(libc_a-writer.o)
_write_r                                          c:/stm32toolchain/arm-gnu-toolchain-11.3.rel1-mingw-w64-i686-arm-none-eabi/bin/../lib/gcc/arm-none-eabi/11.3.1/thumb/v7-m/nofp\libc_nano.a(libc_a-writer.o)
                                                  c:/stm32toolchain/arm-gnu-toolchain-11.3.rel1-mingw-w64-i686-arm-none-eabi/bin/../lib/gcc/arm-none-eabi/11.3.1/thumb/v7-m/nofp\libc_nano.a(libc_a-stdio.o)
atexit                                            c:/stm32toolchain/arm-gnu-toolchain-11.3.rel1-mingw-w64-i686-arm-none-eabi/bin/../lib/gcc/arm-none-eabi/11.3.1/thumb/v7-m/nofp/crt0.o
end                                               c:/stm32toolchain/arm-gnu-toolchain-11.3.rel1-mingw-w64-i686-arm-none-eabi/bin/../lib/gcc/arm-none-eabi/11.3.1/thumb/v7-m/nofp\libnosys.a(sbrk.o)
errno                                             c:/stm32toolchain/arm-gnu-toolchain-11.3.rel1-mingw-w64-i686-arm-none-eabi/bin/../lib/gcc/arm-none-eabi/11.3.1/thumb/v7-m/nofp\libc_nano.a(libc_a-reent.o)
                                                  c:/stm32toolchain/arm-gnu-toolchain-11.3.rel1-mingw-w64-i686-arm-none-eabi/bin/../lib/gcc/arm-none-eabi/11.3.1/thumb/v7-m/nofp\libnosys.a(write.o)
                                                  c:/stm32toolchain/arm-gnu-toolchain-11.3.rel1-mingw-w64-i686-arm-none-eabi/bin/../lib/gcc/arm-none-eabi/11.3.1/thumb/v7-m/nofp\libnosys.a(read.o)
                                                  c:/stm32toolchain/arm-gnu-toolchain-11.3.rel1-mingw-w64-i686-arm-none-eabi/bin/../lib/gcc/arm-none-eabi/11.3.1/thumb/v7-m/nofp\libnosys.a(lseek.o)
                                                  c:/stm32toolchain/arm-gnu-toolchain-11.3.rel1-mingw-w64-i686-arm-none-eabi/bin/../lib/gcc/arm-none-eabi/11.3.1/thumb/v7-m/nofp\libnosys.a(close.o)
                                                  c:/stm32toolchain/arm-gnu-toolchain-11.3.rel1-mingw-w64-i686-arm-none-eabi/bin/../lib/gcc/arm-none-eabi/11.3.1/thumb/v7-m/nofp\libc_nano.a(libc_a-sbrkr.o)
                                                  c:/stm32toolchain/arm-gnu-toolchain-11.3.rel1-mingw-w64-i686-arm-none-eabi/bin/../lib/gcc/arm-none-eabi/11.3.1/thumb/v7-m/nofp\libc_nano.a(libc_a-writer.o)
                                                  c:/stm32toolchain/arm-gnu-toolchain-11.3.rel1-mingw-w64-i686-arm-none-eabi/bin/../lib/gcc/arm-none-eabi/11.3.1/thumb/v7-m/nofp\libc_nano.a(libc_a-readr.o)
                                                  c:/stm32toolchain/arm-gnu-toolchain-11.3.rel1-mingw-w64-i686-arm-none-eabi/bin/../lib/gcc/arm-none-eabi/11.3.1/thumb/v7-m/nofp\libc_nano.a(libc_a-lseekr.o)
                                                  c:/stm32toolchain/arm-gnu-toolchain-11.3.rel1-mingw-w64-i686-arm-none-eabi/bin/../lib/gcc/arm-none-eabi/11.3.1/thumb/v7-m/nofp\libc_nano.a(libc_a-closer.o)
exit                                              c:/stm32toolchain/arm-gnu-toolchain-11.3.rel1-mingw-w64-i686-arm-none-eabi/bin/../lib/gcc/arm-none-eabi/11.3.1/thumb/v7-m/nofp\libc_nano.a(libc_a-exit.o)
                                                  c:/stm32toolchain/arm-gnu-toolchain-11.3.rel1-mingw-w64-i686-arm-none-eabi/bin/../lib/gcc/arm-none-eabi/11.3.1/thumb/v7-m/nofp/crt0.o
fflush                                            c:/stm32toolchain/arm-gnu-toolchain-11.3.rel1-mingw-w64-i686-arm-none-eabi/bin/../lib/gcc/arm-none-eabi/11.3.1/thumb/v7-m/nofp\libc_nano.a(libc_a-fflush.o)
g_pfnVectors                                      build/startup_stm32f103x6.o
hardware_init_hook                                c:/stm32toolchain/arm-gnu-toolchain-11.3.rel1-mingw-w64-i686-arm-none-eabi/bin/../lib/gcc/arm-none-eabi/11.3.1/thumb/v7-m/nofp/crt0.o
main                                              build/main.o
                                                  build/startup_stm32f103x6.o
                                                  c:/stm32toolchain/arm-gnu-toolchain-11.3.rel1-mingw-w64-i686-arm-none-eabi/bin/../lib/gcc/arm-none-eabi/11.3.1/thumb/v7-m/nofp/crt0.o
memset                                            c:/stm32toolchain/arm-gnu-toolchain-11.3.rel1-mingw-w64-i686-arm-none-eabi/bin/../lib/gcc/arm-none-eabi/11.3.1/thumb/v7-m/nofp\libc_nano.a(libc_a-memset.o)
                                                  c:/stm32toolchain/arm-gnu-toolchain-11.3.rel1-mingw-w64-i686-arm-none-eabi/bin/../lib/gcc/arm-none-eabi/11.3.1/thumb/v7-m/nofp\libc_nano.a(libc_a-findfp.o)
                                                  build/main.o
                                                  c:/stm32toolchain/arm-gnu-toolchain-11.3.rel1-mingw-w64-i686-arm-none-eabi/bin/../lib/gcc/arm-none-eabi/11.3.1/thumb/v7-m/nofp/crt0.o
pFlash                                            build/stm32f1xx_hal_flash.o
                                                  build/stm32f1xx_hal_flash_ex.o
software_init_hook                                c:/stm32toolchain/arm-gnu-toolchain-11.3.rel1-mingw-w64-i686-arm-none-eabi/bin/../lib/gcc/arm-none-eabi/11.3.1/thumb/v7-m/nofp/crt0.o
uwTick                                            build/stm32f1xx_hal.o
uwTickFreq                                        build/stm32f1xx_hal.o
uwTickPrio                                        build/stm32f1xx_hal.o
                                                  build/stm32f1xx_hal_rcc.o
